[lin 11:19:11] scenario=S8 profile=quick workload=workloada_lin_quick_60s quorum_reads=yes out=/tmp/lincheck/runs/S8_qyes_20261002_111911
[lin 11:23:26] run_crash_scenario rc=0 (playbook exited rc=0)
[crash_inject 11:22:08] MARKER HIT (x1)  t_arm=1790940128.293832569
[crash_inject 11:22:08] KILLED redis3 pid=3457433 (verified alive)  t_kill=1790940128.479814393
[crash_inject 11:22:08] KILLED redis0 pid=2246752 (verified alive)  t_kill=1790940128.835044487
	at java.base/java.net.Socket.connect(Socket.java:609)
	at redis.clients.jedis.Connection.connect(Connection.java:184)
	... 7 more
skip line 166974: unexpected end of JSON input
records=166973 keys=200
ops: del/ok=16518 del/unknown=18 get/ok=75263 get/unknown=115 set/ok=75026 set/unknown=33
linearizable keys=200  VIOLATING keys=0  timed-out keys=0  lost-write keys=0
VERDICT: PASS
[lin 11:23:38] lincheck rc=0
POSTCHECK migration PASS  sg4 leader redis5:8000; all 3 ranges durable
POSTCHECK crashes   PASS  none
POSTCHECK replicas  PASS  2 live replicas identical (redis4 n=75040 fc5bc8734018, redis5 n=75040 fc5bc8734018)
POSTCHECK donors    PASS  0-1364: 2 live replicas agree (24965 keys); 5461-6825: 3 live replicas agree (25065 keys); 10922-12286: 3 live replicas agree (25016 keys)
POSTCHECK bulk      PASS  74880 donor YCSB keys checked, 0 missing
POSTCHECK VERDICT: PASS
[lin 11:24:16] OVERALL: PASS (lincheck rc=0, postcheck rc=0)
