[lin 12:12:57] scenario=S2 profile=quick workload=workloada_lin_quick_60s quorum_reads=yes out=/tmp/lincheck/runs/S2_qyes_20261002_121257
[lin 12:17:06] run_crash_scenario rc=0 (playbook exited rc=0)
[crash_inject 12:15:54] MARKER HIT (x1)  t_arm=1790943354.410702945
[crash_inject 12:15:54] KILLED redis0 pid=2393390 (verified alive)  t_kill=1790943354.941778934
	at java.base/java.net.Socket.connect(Socket.java:609)
	at redis.clients.jedis.Connection.connect(Connection.java:184)
	... 7 more
skip line 162565: unexpected end of JSON input
records=162564 keys=200
ops: del/ok=16080 get/ok=73367 get/unknown=11 set/ok=73106
linearizable keys=200  VIOLATING keys=0  timed-out keys=0  lost-write keys=0
VERDICT: PASS
[lin 12:17:23] lincheck rc=0
POSTCHECK migration PASS  sg4 leader redis3:8000; all 3 ranges durable
POSTCHECK crashes   PASS  none
POSTCHECK replicas  PASS  3 live replicas identical (redis3 n=75043 f7624639b891, redis4 n=75043 f7624639b891, redis5 n=75043 f7624639b891)
POSTCHECK donors    PASS  0-1364: 2 live replicas agree (24969 keys); 5461-6825: 3 live replicas agree (25064 keys); 10922-12286: 3 live replicas agree (25013 keys)
POSTCHECK bulk      PASS  74880 donor YCSB keys checked, 0 missing
POSTCHECK VERDICT: PASS
[lin 12:18:06] OVERALL: PASS (lincheck rc=0, postcheck rc=0)
