[lin 10:10:54] scenario=S8 profile=quick workload=workloada_lin_quick_60s quorum_reads=yes out=/tmp/lincheck/runs/S8_qyes_20261002_101054
[lin 10:15:11] run_crash_scenario rc=0 (playbook exited rc=0)
[crash_inject 10:13:50] MARKER HIT (x1)  t_arm=1790936030.688624966
[crash_inject 10:13:50] KILLED redis3 pid=3345787 (verified alive)  t_kill=1790936030.876172739
[crash_inject 10:13:51] KILLED redis0 pid=2055627 (verified alive)  t_kill=1790936031.219066987
	at java.base/java.net.Socket.connect(Socket.java:609)
	at redis.clients.jedis.Connection.connect(Connection.java:184)
	... 7 more
skip line 166784: unexpected end of JSON input
records=166783 keys=200
ops: del/ok=16489 del/unknown=26 get/ok=74767 get/unknown=530 set/ok=74893 set/unknown=78
linearizable keys=200  VIOLATING keys=0  timed-out keys=0  lost-write keys=0
VERDICT: PASS
[lin 10:15:23] lincheck rc=0
POSTCHECK migration PASS  sg4 leader redis4:8000; all 3 ranges durable
POSTCHECK crashes   PASS  none
POSTCHECK replicas  PASS  2 live replicas identical (redis4 n=75043 8a192ffbb457, redis5 n=75043 8a192ffbb457)
POSTCHECK donors    PASS  0-1364: 2 live replicas agree (24966 keys); 5461-6825: 3 live replicas agree (25066 keys); 10922-12286: 3 live replicas agree (25013 keys)
POSTCHECK bulk      PASS  74880 donor YCSB keys checked, 0 missing
POSTCHECK VERDICT: PASS
[lin 10:16:05] OVERALL: PASS (lincheck rc=0, postcheck rc=0)
